           1           2           1           1
 WARNING: skipped
  ket =            2 because n_ket is zero
 WARNING: skipped
  ket =            3 because n_ket is zero
 WARNING: skipped
  ket =            4 because n_ket is zero
 WARNING: skipped
  ket =            5 because n_ket is zero
 WARNING: skipped
  ket =            6 because n_ket is zero
 WARNING: skipped
  ket =            7 because n_ket is zero
 WARNING: skipped
  ket =            8 because n_ket is zero
 initial setup time  2.460280992090702E-002
 time collecting  3.181640058755875E-004
     num ket reads           1
 avg ket read time  3.574315458536148E-003
 max ket read time  3.574315458536148E-003
     num bra reads           1
 avg bra read time  1.134309917688370E-003
 max bra read time  1.134309917688370E-003
    avg obdme time  1.508165150880814E-004
      avg tbo time  1.280337572097778E-003
        avg tbo_generateSparsity time  6.538443267345428E-005
        avg tbo_EvalTBobs time  1.214401796460152E-003
    num smwf pairs           1
 time writing output  3.248384594917297E-002
 total time  7.152802683413029E-002
 total time with MPI  0.507065000000000     
