trying URL 'https://cloud.r-project.org/src/contrib/qtl_1.74.tar.gz'
Content type 'application/x-gzip' length 4372584 bytes (4.2 MB)
==================================================
downloaded 4.2 MB

* installing *source* package ‘qtl’ ...
** package ‘qtl’ successfully unpacked and MD5 sums checked
** using staged installation
** libs
using C compiler: ‘gcc (GCC) 11.5.0 20240719 (Red Hat 11.5.0-14)’
using C++ compiler: ‘g++ (GCC) 11.5.0 20240719 (Red Hat 11.5.0-14)’
gcc -I"/software/r/R/4.4.0/gcc/11.5.0/lib64/R/include" -DNDEBUG   -I/usr/local/include    -fpic  -g -O2  -c R_init.c -o R_init.o
gcc -I"/software/r/R/4.4.0/gcc/11.5.0/lib64/R/include" -DNDEBUG   -I/usr/local/include    -fpic  -g -O2  -c countXO.c -o countXO.o
gcc -I"/software/r/R/4.4.0/gcc/11.5.0/lib64/R/include" -DNDEBUG   -I/usr/local/include    -fpic  -g -O2  -c discan.c -o discan.o
gcc -I"/software/r/R/4.4.0/gcc/11.5.0/lib64/R/include" -DNDEBUG   -I/usr/local/include    -fpic  -g -O2  -c discan_covar.c -o discan_covar.o
gcc -I"/software/r/R/4.4.0/gcc/11.5.0/lib64/R/include" -DNDEBUG   -I/usr/local/include    -fpic  -g -O2  -c effectscan.c -o effectscan.o
gcc -I"/software/r/R/4.4.0/gcc/11.5.0/lib64/R/include" -DNDEBUG   -I/usr/local/include    -fpic  -g -O2  -c fill_geno_nodblXO.c -o fill_geno_nodblXO.o
gcc -I"/software/r/R/4.4.0/gcc/11.5.0/lib64/R/include" -DNDEBUG   -I/usr/local/include    -fpic  -g -O2  -c findDupMarkers_notexact.c -o findDupMarkers_notexact.o
gcc -I"/software/r/R/4.4.0/gcc/11.5.0/lib64/R/include" -DNDEBUG   -I/usr/local/include    -fpic  -g -O2  -c fitqtl_hk.c -o fitqtl_hk.o
gcc -I"/software/r/R/4.4.0/gcc/11.5.0/lib64/R/include" -DNDEBUG   -I/usr/local/include    -fpic  -g -O2  -c fitqtl_hk_binary.c -o fitqtl_hk_binary.o
gcc -I"/software/r/R/4.4.0/gcc/11.5.0/lib64/R/include" -DNDEBUG   -I/usr/local/include    -fpic  -g -O2  -c fitqtl_imp.c -o fitqtl_imp.o
gcc -I"/software/r/R/4.4.0/gcc/11.5.0/lib64/R/include" -DNDEBUG   -I/usr/local/include    -fpic  -g -O2  -c fitqtl_imp_binary.c -o fitqtl_imp_binary.o
gcc -I"/software/r/R/4.4.0/gcc/11.5.0/lib64/R/include" -DNDEBUG   -I/usr/local/include    -fpic  -g -O2  -c forwsel.c -o forwsel.o
gcc -I"/software/r/R/4.4.0/gcc/11.5.0/lib64/R/include" -DNDEBUG   -I/usr/local/include    -fpic  -g -O2  -c hmm_4way.c -o hmm_4way.o
gcc -I"/software/r/R/4.4.0/gcc/11.5.0/lib64/R/include" -DNDEBUG   -I/usr/local/include    -fpic  -g -O2  -c hmm_bc.c -o hmm_bc.o
gcc -I"/software/r/R/4.4.0/gcc/11.5.0/lib64/R/include" -DNDEBUG   -I/usr/local/include    -fpic  -g -O2  -c hmm_bci.c -o hmm_bci.o
gcc -I"/software/r/R/4.4.0/gcc/11.5.0/lib64/R/include" -DNDEBUG   -I/usr/local/include    -fpic  -g -O2  -c hmm_bcsft.c -o hmm_bcsft.o
gcc -I"/software/r/R/4.4.0/gcc/11.5.0/lib64/R/include" -DNDEBUG   -I/usr/local/include    -fpic  -g -O2  -c hmm_bgmagic16.c -o hmm_bgmagic16.o
gcc -I"/software/r/R/4.4.0/gcc/11.5.0/lib64/R/include" -DNDEBUG   -I/usr/local/include    -fpic  -g -O2  -c hmm_f2.c -o hmm_f2.o
gcc -I"/software/r/R/4.4.0/gcc/11.5.0/lib64/R/include" -DNDEBUG   -I/usr/local/include    -fpic  -g -O2  -c hmm_f2i.c -o hmm_f2i.o
gcc -I"/software/r/R/4.4.0/gcc/11.5.0/lib64/R/include" -DNDEBUG   -I/usr/local/include    -fpic  -g -O2  -c hmm_main.c -o hmm_main.o
gcc -I"/software/r/R/4.4.0/gcc/11.5.0/lib64/R/include" -DNDEBUG   -I/usr/local/include    -fpic  -g -O2  -c hmm_ri4self.c -o hmm_ri4self.o
gcc -I"/software/r/R/4.4.0/gcc/11.5.0/lib64/R/include" -DNDEBUG   -I/usr/local/include    -fpic  -g -O2  -c hmm_ri4sib.c -o hmm_ri4sib.o
gcc -I"/software/r/R/4.4.0/gcc/11.5.0/lib64/R/include" -DNDEBUG   -I/usr/local/include    -fpic  -g -O2  -c hmm_ri8self.c -o hmm_ri8self.o
gcc -I"/software/r/R/4.4.0/gcc/11.5.0/lib64/R/include" -DNDEBUG   -I/usr/local/include    -fpic  -g -O2  -c hmm_ri8selfIRIP1.c -o hmm_ri8selfIRIP1.o
gcc -I"/software/r/R/4.4.0/gcc/11.5.0/lib64/R/include" -DNDEBUG   -I/usr/local/include    -fpic  -g -O2  -c hmm_ri8sib.c -o hmm_ri8sib.o
gcc -I"/software/r/R/4.4.0/gcc/11.5.0/lib64/R/include" -DNDEBUG   -I/usr/local/include    -fpic  -g -O2  -c hmm_util.c -o hmm_util.o
gcc -I"/software/r/R/4.4.0/gcc/11.5.0/lib64/R/include" -DNDEBUG   -I/usr/local/include    -fpic  -g -O2  -c inferFounderHap.c -o inferFounderHap.o
gcc -I"/software/r/R/4.4.0/gcc/11.5.0/lib64/R/include" -DNDEBUG   -I/usr/local/include    -fpic  -g -O2  -c info.c -o info.o
gcc -I"/software/r/R/4.4.0/gcc/11.5.0/lib64/R/include" -DNDEBUG   -I/usr/local/include    -fpic  -g -O2  -c lapackutil.c -o lapackutil.o
gcc -I"/software/r/R/4.4.0/gcc/11.5.0/lib64/R/include" -DNDEBUG   -I/usr/local/include    -fpic  -g -O2  -c markerlrt.c -o markerlrt.o
g++ -std=gnu++17 -I"/software/r/R/4.4.0/gcc/11.5.0/lib64/R/include" -DNDEBUG   -I/usr/local/include    -fpic  -g -O2   -c mqmaugment.cpp -o mqmaugment.o
g++ -std=gnu++17 -I"/software/r/R/4.4.0/gcc/11.5.0/lib64/R/include" -DNDEBUG   -I/usr/local/include    -fpic  -g -O2   -c mqmdatatypes.cpp -o mqmdatatypes.o
g++ -std=gnu++17 -I"/software/r/R/4.4.0/gcc/11.5.0/lib64/R/include" -DNDEBUG   -I/usr/local/include    -fpic  -g -O2   -c mqmeliminate.cpp -o mqmeliminate.o
g++ -std=gnu++17 -I"/software/r/R/4.4.0/gcc/11.5.0/lib64/R/include" -DNDEBUG   -I/usr/local/include    -fpic  -g -O2   -c mqmmapqtl.cpp -o mqmmapqtl.o
g++ -std=gnu++17 -I"/software/r/R/4.4.0/gcc/11.5.0/lib64/R/include" -DNDEBUG   -I/usr/local/include    -fpic  -g -O2   -c mqmmixture.cpp -o mqmmixture.o
g++ -std=gnu++17 -I"/software/r/R/4.4.0/gcc/11.5.0/lib64/R/include" -DNDEBUG   -I/usr/local/include    -fpic  -g -O2   -c mqmprob.cpp -o mqmprob.o
g++ -std=gnu++17 -I"/software/r/R/4.4.0/gcc/11.5.0/lib64/R/include" -DNDEBUG   -I/usr/local/include    -fpic  -g -O2   -c mqmregression.cpp -o mqmregression.o
g++ -std=gnu++17 -I"/software/r/R/4.4.0/gcc/11.5.0/lib64/R/include" -DNDEBUG   -I/usr/local/include    -fpic  -g -O2   -c mqmscan.cpp -o mqmscan.o
gcc -I"/software/r/R/4.4.0/gcc/11.5.0/lib64/R/include" -DNDEBUG   -I/usr/local/include    -fpic  -g -O2  -c pickMarkerSubset.c -o pickMarkerSubset.o
gcc -I"/software/r/R/4.4.0/gcc/11.5.0/lib64/R/include" -DNDEBUG   -I/usr/local/include    -fpic  -g -O2  -c ril48_reorg.c -o ril48_reorg.o
gcc -I"/software/r/R/4.4.0/gcc/11.5.0/lib64/R/include" -DNDEBUG   -I/usr/local/include    -fpic  -g -O2  -c ripple.c -o ripple.o
gcc -I"/software/r/R/4.4.0/gcc/11.5.0/lib64/R/include" -DNDEBUG   -I/usr/local/include    -fpic  -g -O2  -c scanone_ehk.c -o scanone_ehk.o
gcc -I"/software/r/R/4.4.0/gcc/11.5.0/lib64/R/include" -DNDEBUG   -I/usr/local/include    -fpic  -g -O2  -c scanone_em.c -o scanone_em.o
gcc -I"/software/r/R/4.4.0/gcc/11.5.0/lib64/R/include" -DNDEBUG   -I/usr/local/include    -fpic  -g -O2  -c scanone_em_covar.c -o scanone_em_covar.o
gcc -I"/software/r/R/4.4.0/gcc/11.5.0/lib64/R/include" -DNDEBUG   -I/usr/local/include    -fpic  -g -O2  -c scanone_hk.c -o scanone_hk.o
gcc -I"/software/r/R/4.4.0/gcc/11.5.0/lib64/R/include" -DNDEBUG   -I/usr/local/include    -fpic  -g -O2  -c scanone_hk_binary.c -o scanone_hk_binary.o
gcc -I"/software/r/R/4.4.0/gcc/11.5.0/lib64/R/include" -DNDEBUG   -I/usr/local/include    -fpic  -g -O2  -c scanone_imp.c -o scanone_imp.o
gcc -I"/software/r/R/4.4.0/gcc/11.5.0/lib64/R/include" -DNDEBUG   -I/usr/local/include    -fpic  -g -O2  -c scanone_mr.c -o scanone_mr.o
gcc -I"/software/r/R/4.4.0/gcc/11.5.0/lib64/R/include" -DNDEBUG   -I/usr/local/include    -fpic  -g -O2  -c scanone_np.c -o scanone_np.o
gcc -I"/software/r/R/4.4.0/gcc/11.5.0/lib64/R/include" -DNDEBUG   -I/usr/local/include    -fpic  -g -O2  -c scantwo_binary_em.c -o scantwo_binary_em.o
gcc -I"/software/r/R/4.4.0/gcc/11.5.0/lib64/R/include" -DNDEBUG   -I/usr/local/include    -fpic  -g -O2  -c scantwo_binary_hk.c -o scantwo_binary_hk.o
gcc -I"/software/r/R/4.4.0/gcc/11.5.0/lib64/R/include" -DNDEBUG   -I/usr/local/include    -fpic  -g -O2  -c scantwo_em.c -o scantwo_em.o
gcc -I"/software/r/R/4.4.0/gcc/11.5.0/lib64/R/include" -DNDEBUG   -I/usr/local/include    -fpic  -g -O2  -c scantwo_hk.c -o scantwo_hk.o
gcc -I"/software/r/R/4.4.0/gcc/11.5.0/lib64/R/include" -DNDEBUG   -I/usr/local/include    -fpic  -g -O2  -c scantwo_imp.c -o scantwo_imp.o
gcc -I"/software/r/R/4.4.0/gcc/11.5.0/lib64/R/include" -DNDEBUG   -I/usr/local/include    -fpic  -g -O2  -c scantwo_mr.c -o scantwo_mr.o
gcc -I"/software/r/R/4.4.0/gcc/11.5.0/lib64/R/include" -DNDEBUG   -I/usr/local/include    -fpic  -g -O2  -c scantwopermhk.c -o scantwopermhk.o
gcc -I"/software/r/R/4.4.0/gcc/11.5.0/lib64/R/include" -DNDEBUG   -I/usr/local/include    -fpic  -g -O2  -c simulate.c -o simulate.o
gcc -I"/software/r/R/4.4.0/gcc/11.5.0/lib64/R/include" -DNDEBUG   -I/usr/local/include    -fpic  -g -O2  -c simulate_ril.c -o simulate_ril.o
gcc -I"/software/r/R/4.4.0/gcc/11.5.0/lib64/R/include" -DNDEBUG   -I/usr/local/include    -fpic  -g -O2  -c stahl_mf.c -o stahl_mf.o
gcc -I"/software/r/R/4.4.0/gcc/11.5.0/lib64/R/include" -DNDEBUG   -I/usr/local/include    -fpic  -g -O2  -c summary_scantwo.c -o summary_scantwo.o
gcc -I"/software/r/R/4.4.0/gcc/11.5.0/lib64/R/include" -DNDEBUG   -I/usr/local/include    -fpic  -g -O2  -c test_bcsft.c -o test_bcsft.o
gcc -I"/software/r/R/4.4.0/gcc/11.5.0/lib64/R/include" -DNDEBUG   -I/usr/local/include    -fpic  -g -O2  -c util.c -o util.o
gcc -I"/software/r/R/4.4.0/gcc/11.5.0/lib64/R/include" -DNDEBUG   -I/usr/local/include    -fpic  -g -O2  -c vbscan.c -o vbscan.o
gcc -I"/software/r/R/4.4.0/gcc/11.5.0/lib64/R/include" -DNDEBUG   -I/usr/local/include    -fpic  -g -O2  -c zeroin.c -o zeroin.o
g++ -std=gnu++17 -shared -L/software/r/R/4.4.0/gcc/11.5.0/lib64/R/lib -L/usr/local/lib64 -L/software/t/tcltk/8.6.17/lib -o qtl.so R_init.o countXO.o discan.o discan_covar.o effectscan.o fill_geno_nodblXO.o findDupMarkers_notexact.o fitqtl_hk.o fitqtl_hk_binary.o fitqtl_imp.o fitqtl_imp_binary.o forwsel.o hmm_4way.o hmm_bc.o hmm_bci.o hmm_bcsft.o hmm_bgmagic16.o hmm_f2.o hmm_f2i.o hmm_main.o hmm_ri4self.o hmm_ri4sib.o hmm_ri8self.o hmm_ri8selfIRIP1.o hmm_ri8sib.o hmm_util.o inferFounderHap.o info.o lapackutil.o markerlrt.o mqmaugment.o mqmdatatypes.o mqmeliminate.o mqmmapqtl.o mqmmixture.o mqmprob.o mqmregression.o mqmscan.o pickMarkerSubset.o ril48_reorg.o ripple.o scanone_ehk.o scanone_em.o scanone_em_covar.o scanone_hk.o scanone_hk_binary.o scanone_imp.o scanone_mr.o scanone_np.o scantwo_binary_em.o scantwo_binary_hk.o scantwo_em.o scantwo_hk.o scantwo_imp.o scantwo_mr.o scantwopermhk.o simulate.o simulate_ril.o stahl_mf.o summary_scantwo.o test_bcsft.o util.o vbscan.o zeroin.o -L/software/r/R/4.4.0/gcc/11.5.0/lib64/R/lib -lRlapack -L/software/r/R/4.4.0/gcc/11.5.0/lib64/R/lib -lRblas -lgfortran -lm -lquadmath -L/software/r/R/4.4.0/gcc/11.5.0/lib64/R/lib -lR
installing to /groups/dthain/users/jzhou24/hpds-fa26/project-list/bio-qtl-workflow/.R-library/00LOCK-qtl/00new/qtl/libs
** R
** data
** inst
** byte-compile and prepare package for lazy loading
** help
*** installing help indices
** building package indices
** installing vignettes
** testing if installed package can be loaded from temporary location
** checking absolute paths in shared objects and dynamic libraries
** testing if installed package can be loaded from final location
** testing if installed package keeps a record of temporary installation path
* DONE (qtl)

The downloaded source packages are in
	‘/tmp/Rtmp372oDp/downloaded_packages’
