 --Read the following data:
	 37  individuals
	 625  markers
	 10  phenotypes
 --Cross type: bc 
Warning messages:
1: In read.cross.csv(dir, file, na.strings, genotypes, estimate.map,  :
  The following unexpected genotype codes were treated as missing.
    |N/A|

2: In summary.cross(cross) :
  Some markers at the same position on chr 13; use jittermap().
    Backcross

    No. individuals:    37 

    No. phenotypes:     10 
    Percent phenotyped: 100 97.3 97.3 97.3 97.3 97.3 97.3 97.3 97.3 97.3 

    No. chromosomes:    14 
        Autosomes:      1 2 3 4 5 6 7 8 9 10 11 12 13 14 

    Total markers:      625 
    No. markers:        21 28 30 33 34 44 43 40 29 44 55 67 63 94 
    Percent genotyped:  100 
    Genotypes (%):      AA:48.0  AB:52.0 
Warning message:
In summary.cross(cross) :
  Some markers at the same position on chr 13; use jittermap().
Phenotype: CQ..IC50. 
Warning messages:
1: In checkcovar(cross, pheno.col, addcovar, intcovar, perm.strata,  :
  Dropping 1 individuals with missing phenotypes.

2: In scanone(cross, method = "hk", pheno.col = 2, batchsize = 37) :
  First running calc.genoprob.
Warning messages:
1: In checkcovar(cross, pheno.col, addcovar, intcovar, perm.strata,  :
  Dropping 1 individuals with missing phenotypes.

2: In scanone(cross, , pheno.col, model, method, addcovar, intcovar,  :
  First running calc.genoprob.
Permutation elapsed seconds: 0.684 
LOD thresholds (1000 permutations)
     lod
37% 2.19
5%  3.28
1%  4.31
null device 
          1 
Peak:
     chr    pos     lod
M202   7 21.807 9.66499
Elapsed seconds: 0.912 
R version 4.4.0 (2024-04-24)
Platform: x86_64-pc-linux-gnu
Running under: Red Hat Enterprise Linux 9.8 (Plow)

Matrix products: default
BLAS:   /software/r/R/4.4.0/gcc/11.5.0/lib64/R/lib/libRblas.so 
LAPACK: /software/r/R/4.4.0/gcc/11.5.0/lib64/R/lib/libRlapack.so;  LAPACK version 3.12.0

locale:
 [1] LC_CTYPE=C.UTF-8       LC_NUMERIC=C           LC_TIME=C.UTF-8       
 [4] LC_COLLATE=C.UTF-8     LC_MONETARY=C.UTF-8    LC_MESSAGES=C.UTF-8   
 [7] LC_PAPER=C.UTF-8       LC_NAME=C              LC_ADDRESS=C          
[10] LC_TELEPHONE=C         LC_MEASUREMENT=C.UTF-8 LC_IDENTIFICATION=C   

time zone: America/New_York
tzcode source: system (glibc)

attached base packages:
[1] stats     graphics  grDevices utils     datasets  methods   base     

other attached packages:
[1] qtl_1.74

loaded via a namespace (and not attached):
[1] compiler_4.4.0 parallel_4.4.0
PASS: single-phenotype scan, 1000 permutations, and PNG output.
