Loading CRC_default/1.1
Loading CRC_default/1.1
Loading python/3.12.13
  Loading requirement: tcl/8.6.17
host=d12chas327.crc.nd.edu OMP_NUM_THREADS=8 NX1=256 NX2=256 NSTEPS=100
/groups/dthain/users/jzhou24/hpds-fa26/project-list/pyflowcl/env/lib/python3.12/site-packages/torch/jit/_script.py:1491: FutureWarning: `torch.jit.script` is deprecated. Please switch to `torch.compile` or `torch.export`.
  warnings.warn(
CUDA not available; using CPU
Initial CFL = 2.214e-01, DN = 1.035e-04
iter    time        CFL     max ρ      max u      max v      max T    
     0  0.0000e+00  0.2214  1.000e+00  1.100e+00  1.000e-01  2.500e+00, time=  0.009
/groups/dthain/users/jzhou24/hpds-fa26/project-list/pyflowcl/env/lib/python3.12/site-packages/torch/jit/_script.py:1491: FutureWarning: `torch.jit.script` is deprecated. Please switch to `torch.compile` or `torch.export`.
  warnings.warn(
    10  5.0000e-01  0.2228  1.031e+00  1.143e+00  1.512e-01  2.532e+00, time=  2.777
    20  1.0000e+00  0.2231  1.033e+00  1.164e+00  1.371e-01  2.540e+00, time=  2.801
    30  1.5000e+00  0.2227  1.031e+00  1.152e+00  1.472e-01  2.531e+00, time=  2.672
    40  2.0000e+00  0.2227  1.031e+00  1.149e+00  1.330e-01  2.531e+00, time=  2.680
    50  2.5000e+00  0.2231  1.032e+00  1.142e+00  1.514e-01  2.540e+00, time=  2.719
    60  3.0000e+00  0.2228  1.032e+00  1.145e+00  1.789e-01  2.532e+00, time=  2.666
    70  3.5000e+00  0.2230  1.029e+00  1.140e+00  1.484e-01  2.538e+00, time=  2.705
    80  4.0000e+00  0.2228  1.031e+00  1.136e+00  2.044e-01  2.533e+00, time=  2.669
    90  4.5000e+00  0.2230  1.028e+00  1.143e+00  1.643e-01  2.537e+00, time=  2.673
   100  5.0000e+00  0.2230  1.034e+00  1.137e+00  2.091e-01  2.536e+00, time=  2.650
Done solving, elapsed= 24.69163
Loading CRC_default/1.1
