Loading CRC_default/1.1
Loading CRC_default/1.1
Loading R/4.4.0/gcc/11.5.0
  Loading requirement: ompi/5.0.9/gcc/11.5.0
host=d32cepyc236.crc.nd.edu start=2026-09-14T13:33:25-04:00 nslots=1
source_revision=24aa27ef34123ce17d043b14b1f426d8802ae7f3
6dc07af904c9801500137585c7d20841f70b20c7fbc2d8d5157f2abe983e8665  BSA6.1.multi.MAL31xKH004.SNP.filter.table
read_table                        3.126 s
write_depth_csv                   0.451 s
allele_frequency                  9.748 s
depth_filter                      0.032 s
write_af_csv                      1.195 s
mad_filter                      159.420 s
write_filter_csv                  1.007 s
No id variables; using all as measure variables
summary                           1.301 s
tricube_smoothing                 3.692 s
write_tricube_csv                 2.179 s
plot                              2.672 s
total                           184.823 s
	Command being timed: "Rscript run-bsa.R BSA6.1.multi.MAL31xKH004.SNP.filter.table source/BSA_OPTIMISATION_MAL_KH validation/baseline"
	User time (seconds): 184.73
	System time (seconds): 1.47
	Percent of CPU this job got: 98%
	Elapsed (wall clock) time (h:mm:ss or m:ss): 3:09.60
	Average shared text size (kbytes): 0
	Average unshared data size (kbytes): 0
	Average stack size (kbytes): 0
	Average total size (kbytes): 0
	Maximum resident set size (kbytes): 566200
	Average resident set size (kbytes): 0
	Major (requiring I/O) page faults: 30
	Minor (reclaiming a frame) page faults: 848090
	Voluntary context switches: 3943
	Involuntary context switches: 1659
	Swaps: 0
	File system inputs: 21456
	File system outputs: 128256
	Socket messages sent: 0
	Socket messages received: 0
	Signals delivered: 0
	Page size (bytes): 4096
	Exit status: 0
end=2026-09-14T13:36:35-04:00
Loading CRC_default/1.1
